/**
 * This app's composition: the tool plugins and channels it runs, the auth
 * provider when a channel needs one, how the lists its plugins hand over read,
 * and the assistant's persona. The entrypoints
 * (`src/index.ts`, `src/repl.ts`) hand this config to `composeMercury`.
 *
 * Every tool plugin and channel declared here is active.
 */
import { defineMercuryConfig } from "@mercury-fw/core";
import identity from "./persona/identity.md" with { type: "text" };
import tone from "./persona/tone.md" with { type: "text" };

export default defineMercuryConfig({
  persona: { identity, tone },
  plugins: [],
  channels: [],
});
