/**
 * This app's composition: the tool plugins and channels it runs, the auth
 * provider when a channel needs one, how the lists its plugins hand over read,
 * and the assistant's persona. The entrypoints
 * (`src/index.ts`, `src/repl.ts`) hand this config to `composeMercury`.
 *
 * Every tool plugin and channel declared here is active.
 */
import { defineMercuryConfig } from "@mercury-fw/core";
import { formatterPlugin, formatter } from "@mercury-fw/formatter";
import { jiraPlugin, type JiraDisplays } from "@mercury-fw/plugin-jira";
import { bitbucketPlugin } from "@mercury-fw/plugin-bitbucket";
import { atlassianAdminPlugin } from "@mercury-fw/plugin-atlassian-admin";
import { googleChatChannel } from "@mercury-fw/channel-google-chat";
import { httpChannel } from "@mercury-fw/channel-http";
import { oidcAuth } from "@mercury-fw/auth-oidc";
import identity from "./persona/identity.md" with { type: "text" };
import tone from "./persona/tone.md" with { type: "text" };

/** One Jira issue in a search result: key, status in brackets when there is
 * one, summary, and the browse link on its own line. A starting point: change
 * it to change how Jira lists read. */
const jiraIssueLine = (issue: JiraDisplays["issue-list"]) =>
  `${issue.key} ${issue.status ? `[${issue.status}] ` : ""}${issue.summary}\n${issue.url}`;

export default defineMercuryConfig({
  persona: { identity, tone },
  plugins: [
    formatterPlugin(
      jiraPlugin,
      formatter<JiraDisplays>({
        "issue-list": { item: jiraIssueLine, empty: "No matching issues." },
      }),
    ),
    bitbucketPlugin,
    atlassianAdminPlugin,
  ],
  channels: [googleChatChannel, httpChannel],
  auth: oidcAuth,
});
