# Model endpoint (Ollama-compatible). Ollama running on the Docker host is host.docker.internal.
OLLAMA_HOST=http://host.docker.internal:11434
# Chat model the assistant runs on
OLLAMA_MODEL=
# Embedding model for the episodic memory
OLLAMA_EMBEDDING_MODEL=nomic-embed-text
# Qdrant, the compose service
QDRANT_URL=http://qdrant:6333
# Wiki vault, the named volume's mount point
WIKI_VAULT_PATH=/app/wiki-vault

# --- http
# Port of the HTTP surface
HTTP_SURFACE_PORT=4100
# Origin allowed to call the HTTP surface from a browser, if any
HTTP_SURFACE_CORS_ORIGIN=

# --- static
# Required: JSON from bearer token to user, test tokens only: {"<token>": {"id": "alice", "displayName": "Alice"}}
AUTH_STATIC_TOKENS=

# --- jira
# Required: the Jira site the issue links point to (https://<site>.atlassian.net)
JIRA_SITE_URL=
