{
  "name": "demo",
  "version": "0.1.0",
  "type": "module",
  "private": true,
  "scripts": {
    "start": "bun src/index.ts",
    "repl": "bun src/repl.ts",
    "typecheck": "tsc --noEmit"
  },
  "dependencies": {
    "@mercury-fw/auth-static": "^0.1.0",
    "@mercury-fw/channel-http": "^0.1.0",
    "@mercury-fw/core": "^0.1.0",
    "@mercury-fw/formatter": "^0.1.0",
    "@mercury-fw/plugin-jira": "^0.1.0"
  },
  "devDependencies": {
    "@mercury-fw/cli": "^0.1.0",
    "@types/bun": "^1.4.2",
    "typescript": "^6.0.3"
  },
  "trustedDependencies": [
    "@mercury-fw/plugin-jira"
  ]
}
